// Vitest Snapshot v1, https://vitest.dev/guide/snapshot.html

exports[`store contract > keeps every localStorage key the stores read or write 1`] = `
[
  "active_online_provider_id",
  "audio_output_device_id",
  "auto_hide_player_chrome",
  "background_opacity",
  "cadenza_tuning",
  "cadenze_tuning",
  "cappella_tuning",
  "claddagh_tuning",
  "classic_tuning",
  "custom_shortcut_command",
  "custom_shortcut_letter",
  "default_audio_quality",
  "diorama_tuning",
  "disable_home_dynamic_background",
  "enable_home_dynamic_background",
  "enable_media_cache",
  "folia.personalFm.selection",
  "folia_auto_play_on_launch",
  "folia_automix_enabled",
  "folia_automix_model_reminder_muted",
  "folia_cache_size",
  "folia_crossfade_max_sec",
  "folia_enable_media_cache",
  "folia_last_seen_guide_version",
  "folia_media_cache_limit_gb",
  "folia_transition_animation",
  "folia_transition_animation_card",
  "folia_transition_mode",
  "folia_transition_performance",
  "follow_system_theme",
  "fume_tuning",
  "global_lyric_timeline_offset_ms",
  "grid3d_card_style",
  "grid_action_button_slide_target",
  "grid_command_palette_hotkey",
  "harmony_subtitle_background",
  "hide_taskbar_icon",
  "home_layout_style",
  "last_home_view_tab",
  "latent_background_tuning",
  "local_lyrics_priority",
  "local_replaygain_mode",
  "lyrics_custom_font",
  "lyrics_filter_pattern",
  "lyrics_font_fallback_families",
  "lyrics_font_scale",
  "lyrics_font_style",
  "lyrics_font_weight",
  "lyrics_staff_absorb_mode",
  "lyrics_staff_min_dwell",
  "lyrics_staff_pattern",
  "lyrics_staff_policy",
  "minimize_to_tray",
  "mod_system_enabled",
  "monet_background_tuning",
  "monet_tuning",
  "nomand_background_tuning",
  "open_player_on_launch",
  "partita_tuning",
  "pendolo_tuning",
  "player_bottom_bar_offset",
  "player_chrome_hidden",
  "player_control_slot_primary",
  "player_control_slot_secondary",
  "player_loop_mode",
  "player_volume",
  "playercap_host",
  "playercap_player",
  "playercap_time_basis",
  "preferred_alternative_lyric_source",
  "prevent_display_sleep_during_playback",
  "queue_add_behavior",
  "remote_control_skip_taskbar",
  "show_harmony_subtitle",
  "show_home_tab_albums",
  "show_home_tab_local",
  "show_home_tab_playlist",
  "show_home_tab_radio",
  "show_subtitle_translation",
  "sleep_timer_hours",
  "sleep_timer_minutes",
  "sonnet_tuning",
  "stage_track_pill_mode",
  "stage_track_pill_on_home",
  "stage_track_pill_timeout_sec",
  "subtitle_content_mode",
  "subtitle_font_fallback_families",
  "subtitle_font_family",
  "subtitle_font_inherits_lyrics",
  "subtitle_font_scale",
  "subtitle_font_style",
  "subtitle_font_weight",
  "subtitle_overlay_background",
  "subtitle_overlay_opacity",
  "tempera_tuning",
  "tilt_tuning",
  "url_background_list",
  "url_background_selected_id",
  "visualizer_background_mode",
  "visualizer_mode",
  "visualizer_opacity",
  "voice_input_pause_enabled",
  "wallpaper_mac_autohide_dock",
  "wallpaper_mode",
  "web_obs_theme_mode",
]
`;
