// Vitest Snapshot v1, https://vitest.dev/guide/snapshot.html

exports[`command palette registry contract > keeps the registered command order stable 1`] = `
[
  "search-current",
  "search-local",
  "search-navidrome",
  "search-netease",
  "execute-mode",
  "queue",
  "playback-volume",
  "playback-fm-mode",
  "playback-replaygain-off",
  "playback-replaygain-track",
  "playback-replaygain-album",
  "playback-equalizer",
  "playback-sound-preset-flat",
  "playback-sound-preset-lofi",
  "playback-sound-preset-radio",
  "playback-sound-preset-hall",
  "playback-sound-preset-vocal",
  "playback-sound-preset-bass",
  "playback-sound-preset-custom1",
  "playback-sound-preset-custom2",
  "playback-play",
  "playback-pause",
  "playback-next",
  "playback-prev",
  "playback-loop",
  "playback-shuffle",
  "playback-clear-queue",
  "playback-auto-match-best-lyric",
  "settings-help",
  "sleep-timer",
  "show-user-guide",
  "settings-options",
  "settings-appearance",
  "settings-general",
  "settings-playback",
  "settings-local-lyrics-priority",
  "settings-integration",
  "automix-toggle",
  "transition-mode-crossfade",
  "transition-mode-automix",
  "transition-performance-toggle",
  "settings-discord-presence",
  "settings-obs-browser-source",
  "desktop-toggle-lyric-api",
  "settings-obs-copy-css",
  "settings-storage",
  "settings-r2-sync",
  "sync-now",
  "settings-desktop",
  "settings-update-channel",
  "desktop-toggle-voice-input-pause",
  "desktop-toggle-prevent-display-sleep",
  "settings-wallpaper-mode",
  "desktop-toggle-wallpaper-mode",
  "settings-lab",
  "settings-visualizer",
  "settings-theme-park",
  "settings-global-lyric-offset",
  "settings-lyric-filter",
  "theme-generate-current",
  "theme-source-ai",
  "theme-source-cover",
  "theme-quick-editor",
  "settings-toggle-transparent",
  "settings-toggle-daylight",
  "settings-toggle-player-back-button",
  "settings-toggle-track-switch-buttons",
  "settings-toggle-main-window-titlebar",
  "settings-toggle-bottom-subtitle-overlay",
  "settings-cycle-subtitle-content-mode",
  "settings-toggle-subtitle-background",
  "settings-language-system",
  "settings-language-zh-CN",
  "settings-language-en",
  "settings-language-in",
  "navigate-home",
  "navigate-player",
  "browser-fullscreen",
  "home-playlist",
  "home-local",
  "home-albums",
  "home-navidrome",
  "home-radio",
  "desktop-toggle-remote-control",
  "desktop-toggle-main-window-always-on-top",
  "panel-cover",
  "panel-controls",
  "panel-queue",
  "panel-account",
  "panel-local",
  "panel-navi",
  "panel-onlineLyrics",
  "visualizer-picker",
  "background-picker",
  "visualizer-sonnet",
  "visualizer-tempera",
  "visualizer-classic",
  "visualizer-cadenza",
  "visualizer-partita",
  "visualizer-fume",
  "visualizer-tilt",
  "visualizer-claddagh",
  "visualizer-monet",
  "visualizer-pendolo",
  "visualizer-cappella",
  "visualizer-diorama",
  "visualizer-still",
  "visualizer-toggle-random-per-song",
  "background-monet-full-overlay",
  "background-monet-half-gradient",
  "background-common",
  "background-nomand",
  "background-latent",
  "background-latent-dithering",
  "background-latent-mesh",
  "background-latent-both",
  "background-url",
  "background-sora",
]
`;
